252.52
258.8
-25.48
34.12
38.56
47.12
-5.76
9.04
3.56
3.32
-1.04
2.68
-9.64
-0.600001
-1.92
0.72
